------------------------------------------------------------
TimeQuest Timing Analyzer Summary
------------------------------------------------------------

Type  : Slow 1200mV 85C Model Setup 'CLOCK_50'
Slack : -4.245
TNS   : -325.948

Type  : Slow 1200mV 85C Model Setup 'midi_custom:mymidi|out_bytes[10]'
Slack : -2.630
TNS   : -20.281

Type  : Slow 1200mV 85C Model Hold 'midi_custom:mymidi|out_bytes[10]'
Slack : -0.893
TNS   : -5.714

Type  : Slow 1200mV 85C Model Hold 'CLOCK_50'
Slack : -0.166
TNS   : -0.456

Type  : Slow 1200mV 85C Model Minimum Pulse Width 'CLOCK_50'
Slack : -3.000
TNS   : -164.910

Type  : Slow 1200mV 85C Model Minimum Pulse Width 'midi_custom:mymidi|out_bytes[10]'
Slack : 0.467
TNS   : 0.000

Type  : Slow 1200mV 0C Model Setup 'CLOCK_50'
Slack : -3.792
TNS   : -287.666

Type  : Slow 1200mV 0C Model Setup 'midi_custom:mymidi|out_bytes[10]'
Slack : -2.431
TNS   : -18.797

Type  : Slow 1200mV 0C Model Hold 'midi_custom:mymidi|out_bytes[10]'
Slack : -0.751
TNS   : -4.831

Type  : Slow 1200mV 0C Model Hold 'CLOCK_50'
Slack : -0.085
TNS   : -0.085

Type  : Slow 1200mV 0C Model Minimum Pulse Width 'CLOCK_50'
Slack : -3.000
TNS   : -164.910

Type  : Slow 1200mV 0C Model Minimum Pulse Width 'midi_custom:mymidi|out_bytes[10]'
Slack : 0.346
TNS   : 0.000

Type  : Fast 1200mV 0C Model Setup 'CLOCK_50'
Slack : -1.511
TNS   : -97.267

Type  : Fast 1200mV 0C Model Setup 'midi_custom:mymidi|out_bytes[10]'
Slack : -1.011
TNS   : -7.677

Type  : Fast 1200mV 0C Model Hold 'midi_custom:mymidi|out_bytes[10]'
Slack : -0.536
TNS   : -3.257

Type  : Fast 1200mV 0C Model Hold 'CLOCK_50'
Slack : -0.223
TNS   : -0.989

Type  : Fast 1200mV 0C Model Minimum Pulse Width 'CLOCK_50'
Slack : -3.000
TNS   : -164.841

Type  : Fast 1200mV 0C Model Minimum Pulse Width 'midi_custom:mymidi|out_bytes[10]'
Slack : 0.333
TNS   : 0.000

------------------------------------------------------------
